mercury 683cecc3 local-context resolve
mercury 6c7ec5b3 hunk-only resolve
mercury b1e05e5c hunk-only resolve
minimax 683cecc3 local-context resolve
mercury 85c7a8f2 local-context resolve
minimax 6c7ec5b3 hunk-only resolve
minimax b1e05e5c hunk-only resolve
mercury 436e2d87 local-context resolve
mercury 3e37ec20 local-context resolve
minimax 85c7a8f2 local-context resolve
mercury 66e74435 selected resolve
mercury 8effe16c hunk-only resolve
mercury 3e37ec20 selected resolve
minimax 436e2d87 local-context invalid-output
mercury c61b0969 local-context resolve
mercury 7bddd487 hunk-only resolve
minimax 3e37ec20 local-context resolve
mercury 11987158 selected resolve
mercury 49d7d099 local-context truncated
minimax 66e74435 selected halt
minimax 8effe16c hunk-only resolve
minimax 3e37ec20 selected resolve
mercury bce0a281 local-context truncated
mercury 975fca73 hunk-only halt
mercury b5bce269 local-context resolve
mercury 5d9f9e00 hunk-only resolve
mercury feff10a1 hunk-only truncated
minimax c61b0969 local-context resolve
mercury 869eec6f hunk-only resolve
mercury 9ba2abc3 selected resolve
minimax 7bddd487 hunk-only halt
mercury 1ef47c17 hunk-only resolve
mercury 6aba6837 hunk-only halt
mercury b9406c18 hunk-only truncated
mercury 3ec223c4 hunk-only halt
mercury c7feb9a5 local-context truncated
mercury 04969ea3 hunk-only resolve
mercury 15d307b0 selected truncated
mercury c13c586b local-context resolve
mercury 683cecc3 selected resolve
mercury 521582d2 hunk-only resolve
minimax 11987158 selected resolve
mercury 3e3607d8 hunk-only halt
mercury 7e3f01ec hunk-only resolve
mercury af7bb3d7 hunk-only resolve
mercury b5bce269 hunk-only resolve
mercury bce0a281 selected resolve
mercury 2f5c30de local-context resolve
mercury 314ef054 hunk-only halt
mercury 5eace3fc selected resolve
mercury 9ba2abc3 local-context resolve
mercury 91b19a7e local-context resolve
mercury 556674cc selected truncated
mercury 10e83b64 selected resolve
mercury ea618f5a hunk-only resolve
mercury 3f59eec2 hunk-only resolve
mercury 3ac14a25 local-context resolve
mercury 9f991881 local-context resolve
minimax 49d7d099 local-context resolve
mercury 869eec6f local-context truncated
mercury f0ea0ed0 hunk-only resolve
mercury 15d307b0 hunk-only truncated
mercury 436e2d87 hunk-only resolve
minimax bce0a281 local-context resolve
minimax 975fca73 hunk-only halt
minimax b5bce269 local-context resolve
minimax 5d9f9e00 hunk-only resolve
minimax feff10a1 hunk-only resolve
mercury 3f59eec2 local-context truncated
mercury 10e83b64 hunk-only resolve
minimax 869eec6f hunk-only halt
mercury 3e226c1d local-context truncated
minimax 9ba2abc3 selected resolve
mercury 7e3f01ec selected resolve
mercury 332a8948 selected transport-error
minimax 1ef47c17 hunk-only halt
minimax 6aba6837 hunk-only resolve
minimax b9406c18 hunk-only resolve
mercury 556674cc local-context resolve
minimax 3ec223c4 hunk-only halt
mercury 332a8948 local-context resolve
mercury af7bb3d7 local-context resolve
mercury 85c7a8f2 selected resolve
mercury 11987158 local-context resolve
mercury 3e226c1d selected truncated
minimax c7feb9a5 local-context resolve
mercury 51c36fe1 local-context truncated
mercury 3ac14a25 hunk-only resolve
minimax 04969ea3 hunk-only resolve
mercury d03a37ef local-context resolve
mercury 6aba6837 local-context resolve
minimax 15d307b0 selected resolve
mercury 6aba6837 selected resolve
mercury 314ef054 local-context resolve
mercury 5eace3fc local-context resolve
minimax c13c586b local-context resolve
mercury 51c36fe1 selected invalid-output
minimax 683cecc3 selected resolve
mercury 1ef47c17 selected resolve
minimax 521582d2 hunk-only resolve
minimax 3e3607d8 hunk-only halt
minimax 7e3f01ec hunk-only resolve
minimax af7bb3d7 hunk-only resolve
minimax b5bce269 hunk-only resolve
mercury feff10a1 local-context truncated
mercury 975fca73 local-context resolve
mercury 522863d8 selected resolve
mercury b5bce269 selected resolve
mercury 04969ea3 selected resolve
mercury c7feb9a5 hunk-only resolve
minimax bce0a281 selected resolve
mercury b8cbf6d0 local-context resolve
minimax 2f5c30de local-context resolve
mercury c61b0969 selected resolve
minimax 314ef054 hunk-only halt
mercury 21230cbc local-context resolve
mercury c13c586b hunk-only invalid-output
minimax 5eace3fc selected resolve
mercury 66e74435 hunk-only resolve
minimax 9ba2abc3 local-context resolve
mercury 693b2705 selected resolve
mercury 21230cbc selected resolve
mercury 91b19a7e hunk-only resolve
mercury 3e37ec20 hunk-only resolve
mercury 3e3607d8 local-context resolve
mercury 3f59eec2 selected resolve
mercury 8effe16c local-context resolve
minimax 91b19a7e local-context resolve
mercury 522863d8 local-context truncated
mercury 2f5c30de hunk-only resolve
mercury 521582d2 local-context resolve
minimax 556674cc selected resolve
mercury c66f1520 hunk-only resolve
minimax 10e83b64 selected resolve
minimax ea618f5a hunk-only resolve
minimax 3f59eec2 hunk-only resolve
mercury 11987158 hunk-only truncated
mercury 28929f3e selected resolve
minimax 3ac14a25 local-context resolve
mercury 49d7d099 hunk-only resolve
mercury 3ac14a25 selected resolve
minimax 9f991881 local-context resolve
mercury 522863d8 hunk-only halt
mercury c95701d2 local-context resolve
mercury c7feb9a5 selected truncated
minimax 869eec6f local-context resolve
mercury 693b2705 local-context truncated
minimax f0ea0ed0 hunk-only resolve
mercury fa0ae829 local-context resolve
mercury 314ef054 selected truncated
mercury c95701d2 selected resolve
mercury b9406c18 local-context resolve
mercury c13c586b selected resolve
mercury 2f5c30de selected resolve
mercury 90e974d0 hunk-only truncated
mercury b0568428 local-context resolve
minimax 15d307b0 hunk-only resolve
mercury 49d7d099 selected truncated
mercury 5d9f9e00 selected resolve
minimax 436e2d87 hunk-only resolve
mercury b0568428 selected truncated
mercury 332a8948 hunk-only resolve
mercury feff10a1 selected resolve
mercury 85c7a8f2 hunk-only resolve
minimax 3f59eec2 local-context resolve
mercury 44ec3631 hunk-only resolve
minimax 10e83b64 hunk-only halt
minimax 3e226c1d local-context resolve
mercury 2d159a15 hunk-only resolve
mercury 15d307b0 local-context truncated
minimax 7e3f01ec selected resolve
minimax 332a8948 selected resolve
mercury c66f1520 local-context truncated
mercury 556674cc hunk-only resolve
mercury 1ef47c17 local-context resolve
mercury 8effe16c selected resolve
mercury 66c8f0c0 local-context resolve
minimax 556674cc local-context resolve
mercury 7e3f01ec local-context resolve
minimax 332a8948 local-context resolve
mercury bce0a281 hunk-only resolve
mercury 66c8f0c0 selected resolve
mercury fa0ae829 hunk-only resolve
minimax af7bb3d7 local-context resolve
mercury b1e05e5c selected resolve
minimax 85c7a8f2 selected resolve
mercury 3e3607d8 selected resolve
minimax 11987158 local-context resolve
mercury 5d9f9e00 local-context truncated
minimax 3e226c1d selected resolve
mercury 91b19a7e selected resolve
minimax 51c36fe1 local-context resolve
mercury 2d159a15 selected resolve
minimax 3ac14a25 hunk-only halt
mercury d03a37ef hunk-only resolve
minimax d03a37ef local-context resolve
mercury 6c7ec5b3 local-context resolve
mercury 51c36fe1 hunk-only resolve
minimax 6aba6837 local-context resolve
mercury b9406c18 selected resolve
mercury c61b0969 hunk-only resolve
mercury 9f991881 hunk-only resolve
mercury 10e83b64 local-context resolve
minimax 6aba6837 selected resolve
mercury b8cbf6d0 hunk-only resolve
minimax 314ef054 local-context invalid-output
mercury 90e974d0 local-context resolve
mercury 28929f3e local-context resolve
minimax 5eace3fc local-context resolve
mercury 84fd82a1 hunk-only resolve
mercury 66c8f0c0 hunk-only resolve
mercury c95701d2 hunk-only resolve
mercury 44ec3631 local-context resolve
mercury 84fd82a1 selected resolve
mercury 44ec3631 selected resolve
minimax 51c36fe1 selected resolve
minimax 1ef47c17 selected resolve
mercury d03a37ef selected resolve
mercury 84fd82a1 local-context resolve
mercury 683cecc3 hunk-only resolve
minimax feff10a1 local-context resolve
minimax 975fca73 local-context halt
mercury 5eace3fc hunk-only resolve
mercury 869eec6f selected resolve
minimax 522863d8 selected resolve
mercury ea618f5a local-context resolve
minimax b5bce269 selected resolve
mercury 7bddd487 local-context truncated
minimax 04969ea3 selected resolve
minimax c7feb9a5 hunk-only resolve
mercury 693b2705 hunk-only resolve
minimax b8cbf6d0 local-context resolve
mercury 04969ea3 local-context resolve
mercury f0ea0ed0 local-context resolve
mercury 975fca73 selected resolve
mercury 66e74435 local-context invalid-output
minimax c61b0969 selected resolve
mercury 436e2d87 selected resolve
mercury 7bddd487 selected resolve
mercury 21230cbc hunk-only resolve
minimax 21230cbc local-context invalid-output
mercury 3ec223c4 selected resolve
mercury 6c7ec5b3 selected resolve
mercury b0568428 hunk-only truncated
minimax c13c586b hunk-only invalid-output
mercury 521582d2 selected resolve
mercury 9ba2abc3 hunk-only resolve
mercury ea618f5a selected resolve
mercury 9f991881 selected resolve
mercury c66f1520 selected truncated
mercury 28929f3e hunk-only resolve
minimax 66e74435 hunk-only resolve
mercury fa0ae829 selected truncated
minimax 693b2705 selected resolve
mercury f0ea0ed0 selected resolve
mercury b1e05e5c local-context resolve
minimax 21230cbc selected resolve
mercury af7bb3d7 selected resolve
minimax 91b19a7e hunk-only resolve
mercury b8cbf6d0 selected resolve
minimax 3e37ec20 hunk-only resolve
minimax 3e3607d8 local-context resolve
mercury 3ec223c4 local-context resolve
minimax 3f59eec2 selected invalid-output
mercury 2d159a15 local-context resolve
minimax 8effe16c local-context resolve
minimax 522863d8 local-context invalid-output
minimax 2f5c30de hunk-only resolve
mercury 90e974d0 selected halt
minimax 521582d2 local-context resolve
minimax c66f1520 hunk-only resolve
minimax 11987158 hunk-only halt
minimax 28929f3e selected resolve
mercury 3e226c1d hunk-only resolve
minimax 49d7d099 hunk-only halt
minimax 3ac14a25 selected resolve
minimax 522863d8 hunk-only resolve
minimax c95701d2 local-context halt
minimax c7feb9a5 selected resolve
minimax 693b2705 local-context resolve
minimax fa0ae829 local-context invalid-output
minimax 314ef054 selected resolve
minimax c95701d2 selected invalid-output
minimax b9406c18 local-context resolve
minimax c13c586b selected invalid-output
minimax 2f5c30de selected resolve
minimax 90e974d0 hunk-only resolve
minimax b0568428 local-context resolve
minimax 49d7d099 selected resolve
minimax 5d9f9e00 selected resolve
minimax b0568428 selected resolve
minimax 332a8948 hunk-only halt
minimax feff10a1 selected resolve
minimax 85c7a8f2 hunk-only resolve
minimax 44ec3631 hunk-only halt
minimax 2d159a15 hunk-only resolve
minimax 15d307b0 local-context resolve
minimax c66f1520 local-context resolve
minimax 556674cc hunk-only resolve
minimax 1ef47c17 local-context resolve
minimax 8effe16c selected resolve
minimax 66c8f0c0 local-context resolve
minimax 7e3f01ec local-context resolve
minimax bce0a281 hunk-only resolve
minimax 66c8f0c0 selected resolve
minimax fa0ae829 hunk-only halt
minimax b1e05e5c selected resolve
minimax 3e3607d8 selected resolve
minimax 5d9f9e00 local-context resolve
minimax 91b19a7e selected resolve
minimax 2d159a15 selected resolve
minimax d03a37ef hunk-only resolve
minimax 6c7ec5b3 local-context resolve
minimax 51c36fe1 hunk-only resolve
minimax b9406c18 selected resolve
minimax c61b0969 hunk-only resolve
minimax 9f991881 hunk-only invalid-output
minimax 10e83b64 local-context resolve
minimax b8cbf6d0 hunk-only resolve
minimax 90e974d0 local-context resolve
minimax 28929f3e local-context resolve
minimax 84fd82a1 hunk-only halt
minimax 66c8f0c0 hunk-only invalid-output
minimax c95701d2 hunk-only resolve
minimax 44ec3631 local-context resolve
minimax 84fd82a1 selected invalid-output
minimax 44ec3631 selected invalid-output
minimax d03a37ef selected resolve
minimax 84fd82a1 local-context resolve
minimax 683cecc3 hunk-only resolve
minimax 5eace3fc hunk-only invalid-output
minimax 869eec6f selected resolve
minimax ea618f5a local-context invalid-output
minimax 7bddd487 local-context resolve
minimax 693b2705 hunk-only resolve
minimax 04969ea3 local-context resolve
minimax f0ea0ed0 local-context resolve
minimax 975fca73 selected resolve
minimax 66e74435 local-context resolve
minimax 436e2d87 selected invalid-output
minimax 7bddd487 selected resolve
minimax 21230cbc hunk-only halt
minimax 3ec223c4 selected halt
minimax 6c7ec5b3 selected invalid-output
minimax b0568428 hunk-only resolve
minimax 521582d2 selected resolve
minimax 9ba2abc3 hunk-only resolve
minimax ea618f5a selected resolve
minimax 9f991881 selected resolve
minimax c66f1520 selected resolve
minimax 28929f3e hunk-only resolve
minimax fa0ae829 selected halt
minimax f0ea0ed0 selected resolve
minimax b1e05e5c local-context resolve
minimax af7bb3d7 selected resolve
minimax b8cbf6d0 selected resolve
minimax 3ec223c4 local-context resolve
minimax 2d159a15 local-context resolve
minimax 90e974d0 selected resolve
minimax 3e226c1d hunk-only resolve
